ANCHOR handbook/alpha/README.md
DANGLING handbook/alpha/README.md
EM-DASH docs/linked.md
EM-DASH tool.sh
GONE experiments/README.md
HEADING handbook/README.md
IGNORED handbook/delta/README.md
MIDPAGE handbook/alpha/README.md
MISSING handbook/gamma
ORPHAN docs/external.md
ORPHAN docs/orphan.md
SOURCE docs/howto.md
STALE docs/howto.md
UNLISTED handbook/beta
UNLISTED handbook/delta
UNLISTED handbook/gamma
UNREGISTERED experiments/2026-02-02-here
UPWARD handbook/alpha/README.md
